
> insursmart-mobile@1.0.0 start
> react-scripts start

(node:30180) [DEP0176] DeprecationWarning: fs.F_OK is deprecated, use fs.constants.F_OK instead
(Use `node --trace-deprecation ...` to show where the warning was created)
(node:30180) [DEP_WEBPACK_DEV_SERVER_ON_AFTER_SETUP_MIDDLEWARE] DeprecationWarning: 'onAfterSetupMiddleware' option is deprecated. Please use the 'setupMiddlewares' option.
(node:30180) [DEP_WEBPACK_DEV_SERVER_ON_BEFORE_SETUP_MIDDLEWARE] DeprecationWarning: 'onBeforeSetupMiddleware' option is deprecated. Please use the 'setupMiddlewares' option.
Starting the development server...

Compiled with warnings.

[eslint] 
src/components/MobileAlerts.js
  Line 13:6:  React Hook useEffect has a missing dependency: 'fetchAlerts'. Either include it or remove the dependency array  react-hooks/exhaustive-deps

src/components/MobileDashboard.js
  Line 14:6:  React Hook useEffect has a missing dependency: 'fetchData'. Either include it or remove the dependency array  react-hooks/exhaustive-deps

Search for the keywords to learn more about each warning.
To ignore, add // eslint-disable-next-line to the line before.

WARNING in [eslint] 
src/components/MobileAlerts.js
  Line 13:6:  React Hook useEffect has a missing dependency: 'fetchAlerts'. Either include it or remove the dependency array  react-hooks/exhaustive-deps

src/components/MobileDashboard.js
  Line 14:6:  React Hook useEffect has a missing dependency: 'fetchData'. Either include it or remove the dependency array  react-hooks/exhaustive-deps

webpack compiled with 1 warning
Compiling...
Compiled with warnings.

[eslint] 
src/components/MobileAlerts.js
  Line 13:6:  React Hook useEffect has a missing dependency: 'fetchAlerts'. Either include it or remove the dependency array  react-hooks/exhaustive-deps

src/components/MobileDashboard.js
  Line 14:6:  React Hook useEffect has a missing dependency: 'fetchData'. Either include it or remove the dependency array  react-hooks/exhaustive-deps

Search for the keywords to learn more about each warning.
To ignore, add // eslint-disable-next-line to the line before.

WARNING in [eslint] 
src/components/MobileAlerts.js
  Line 13:6:  React Hook useEffect has a missing dependency: 'fetchAlerts'. Either include it or remove the dependency array  react-hooks/exhaustive-deps

src/components/MobileDashboard.js
  Line 14:6:  React Hook useEffect has a missing dependency: 'fetchData'. Either include it or remove the dependency array  react-hooks/exhaustive-deps

webpack compiled with 1 warning
Compiling...
Failed to compile.

Module not found: Error: Can't resolve './MobileDashboard-v2.css' in '/workspaces/Hackathon/mobile/src/components'
WARNING in [eslint] 
src/components/MobileAlerts.js
  Line 13:6:  React Hook useEffect has a missing dependency: 'fetchAlerts'. Either include it or remove the dependency array  react-hooks/exhaustive-deps

src/components/MobileDashboard.js
  Line 15:6:  React Hook useEffect has a missing dependency: 'fetchData'. Either include it or remove the dependency array  react-hooks/exhaustive-deps

ERROR in ./src/components/MobileDashboard.js 7:0-34
Module not found: Error: Can't resolve './MobileDashboard-v2.css' in '/workspaces/Hackathon/mobile/src/components'

webpack compiled with 1 error and 1 warning
The build failed because the process exited too early. This probably means the system ran out of memory or someone called `kill -9` on the process.
